MPLINK 5.09, LINKER
Linker Map File - Created Sun Dec 05 15:17:52 2021

                                 Section Info
                  Section       Type    Address   Location Size(Bytes)
                ---------  ---------  ---------  ---------  ---------
                   .org_0       code   0x000000    program   0x000004
                   .cinit    romdata   0x000004    program   0x000002
                   .org_1       code   0x000008    program   0x000004
                   .org_2       code   0x000018    program   0x000004
                   .org_3       code   0x000020    program   0x000148



                              Program Memory Usage 
                               Start         End      
                           ---------   ---------      
                            0x000000    0x000005      
                            0x000008    0x00000b      
                            0x000018    0x00001b      
                            0x000020    0x000167      
            342 out of 33048 program addresses used, program memory utilization is 1%



                              Symbols - Sorted by Name
                     Name    Address   Location    Storage File                     
                ---------  ---------  ---------  --------- ---------                
                    NOTES   0x00015a    program     static C:\Users\Ward\OneDrive\1school\1 KUL\3e Bachelor\1e Semester\Microcontrollers\Labo's\Lab4\Lab4_W.X\lab4_2021_MatWarasm.asm
                    START   0x000020    program     static C:\Users\Ward\OneDrive\1school\1 KUL\3e Bachelor\1e Semester\Microcontrollers\Labo's\Lab4\Lab4_W.X\lab4_2021_MatWarasm.asm
                  ih_tmr0   0x000126    program     static C:\Users\Ward\OneDrive\1school\1 KUL\3e Bachelor\1e Semester\Microcontrollers\Labo's\Lab4\Lab4_W.X\lab4_2021_MatWarasm.asm
                  ih_tmr1   0x000114    program     static C:\Users\Ward\OneDrive\1school\1 KUL\3e Bachelor\1e Semester\Microcontrollers\Labo's\Lab4\Lab4_W.X\lab4_2021_MatWarasm.asm
                 init_dac   0x000064    program     static C:\Users\Ward\OneDrive\1school\1 KUL\3e Bachelor\1e Semester\Microcontrollers\Labo's\Lab4\Lab4_W.X\lab4_2021_MatWarasm.asm
                 init_lut   0x000096    program     static C:\Users\Ward\OneDrive\1school\1 KUL\3e Bachelor\1e Semester\Microcontrollers\Labo's\Lab4\Lab4_W.X\lab4_2021_MatWarasm.asm
              init_tblptr   0x000084    program     static C:\Users\Ward\OneDrive\1school\1 KUL\3e Bachelor\1e Semester\Microcontrollers\Labo's\Lab4\Lab4_W.X\lab4_2021_MatWarasm.asm
                init_tmr0   0x00006e    program     static C:\Users\Ward\OneDrive\1school\1 KUL\3e Bachelor\1e Semester\Microcontrollers\Labo's\Lab4\Lab4_W.X\lab4_2021_MatWarasm.asm
                init_tmr1   0x000078    program     static C:\Users\Ward\OneDrive\1school\1 KUL\3e Bachelor\1e Semester\Microcontrollers\Labo's\Lab4\Lab4_W.X\lab4_2021_MatWarasm.asm
               inter_high   0x0000f8    program     static C:\Users\Ward\OneDrive\1school\1 KUL\3e Bachelor\1e Semester\Microcontrollers\Labo's\Lab4\Lab4_W.X\lab4_2021_MatWarasm.asm
                inter_low   0x000156    program     static C:\Users\Ward\OneDrive\1school\1 KUL\3e Bachelor\1e Semester\Microcontrollers\Labo's\Lab4\Lab4_W.X\lab4_2021_MatWarasm.asm
                     loop   0x000092    program     static C:\Users\Ward\OneDrive\1school\1 KUL\3e Bachelor\1e Semester\Microcontrollers\Labo's\Lab4\Lab4_W.X\lab4_2021_MatWarasm.asm
          loop_table_read   0x000138    program     static C:\Users\Ward\OneDrive\1school\1 KUL\3e Bachelor\1e Semester\Microcontrollers\Labo's\Lab4\Lab4_W.X\lab4_2021_MatWarasm.asm
                     main   0x00004c    program     static C:\Users\Ward\OneDrive\1school\1 KUL\3e Bachelor\1e Semester\Microcontrollers\Labo's\Lab4\Lab4_W.X\lab4_2021_MatWarasm.asm
          read_from_table   0x000146    program     static C:\Users\Ward\OneDrive\1school\1 KUL\3e Bachelor\1e Semester\Microcontrollers\Labo's\Lab4\Lab4_W.X\lab4_2021_MatWarasm.asm
           reset_sin_wave   0x000106    program     static C:\Users\Ward\OneDrive\1school\1 KUL\3e Bachelor\1e Semester\Microcontrollers\Labo's\Lab4\Lab4_W.X\lab4_2021_MatWarasm.asm
           schrijf_op_dac   0x00010e    program     static C:\Users\Ward\OneDrive\1school\1 KUL\3e Bachelor\1e Semester\Microcontrollers\Labo's\Lab4\Lab4_W.X\lab4_2021_MatWarasm.asm



                              Symbols - Sorted by Address
                     Name    Address   Location    Storage File                     
                ---------  ---------  ---------  --------- ---------                
                    START   0x000020    program     static C:\Users\Ward\OneDrive\1school\1 KUL\3e Bachelor\1e Semester\Microcontrollers\Labo's\Lab4\Lab4_W.X\lab4_2021_MatWarasm.asm
                     main   0x00004c    program     static C:\Users\Ward\OneDrive\1school\1 KUL\3e Bachelor\1e Semester\Microcontrollers\Labo's\Lab4\Lab4_W.X\lab4_2021_MatWarasm.asm
                 init_dac   0x000064    program     static C:\Users\Ward\OneDrive\1school\1 KUL\3e Bachelor\1e Semester\Microcontrollers\Labo's\Lab4\Lab4_W.X\lab4_2021_MatWarasm.asm
                init_tmr0   0x00006e    program     static C:\Users\Ward\OneDrive\1school\1 KUL\3e Bachelor\1e Semester\Microcontrollers\Labo's\Lab4\Lab4_W.X\lab4_2021_MatWarasm.asm
                init_tmr1   0x000078    program     static C:\Users\Ward\OneDrive\1school\1 KUL\3e Bachelor\1e Semester\Microcontrollers\Labo's\Lab4\Lab4_W.X\lab4_2021_MatWarasm.asm
              init_tblptr   0x000084    program     static C:\Users\Ward\OneDrive\1school\1 KUL\3e Bachelor\1e Semester\Microcontrollers\Labo's\Lab4\Lab4_W.X\lab4_2021_MatWarasm.asm
                     loop   0x000092    program     static C:\Users\Ward\OneDrive\1school\1 KUL\3e Bachelor\1e Semester\Microcontrollers\Labo's\Lab4\Lab4_W.X\lab4_2021_MatWarasm.asm
                 init_lut   0x000096    program     static C:\Users\Ward\OneDrive\1school\1 KUL\3e Bachelor\1e Semester\Microcontrollers\Labo's\Lab4\Lab4_W.X\lab4_2021_MatWarasm.asm
               inter_high   0x0000f8    program     static C:\Users\Ward\OneDrive\1school\1 KUL\3e Bachelor\1e Semester\Microcontrollers\Labo's\Lab4\Lab4_W.X\lab4_2021_MatWarasm.asm
           reset_sin_wave   0x000106    program     static C:\Users\Ward\OneDrive\1school\1 KUL\3e Bachelor\1e Semester\Microcontrollers\Labo's\Lab4\Lab4_W.X\lab4_2021_MatWarasm.asm
           schrijf_op_dac   0x00010e    program     static C:\Users\Ward\OneDrive\1school\1 KUL\3e Bachelor\1e Semester\Microcontrollers\Labo's\Lab4\Lab4_W.X\lab4_2021_MatWarasm.asm
                  ih_tmr1   0x000114    program     static C:\Users\Ward\OneDrive\1school\1 KUL\3e Bachelor\1e Semester\Microcontrollers\Labo's\Lab4\Lab4_W.X\lab4_2021_MatWarasm.asm
                  ih_tmr0   0x000126    program     static C:\Users\Ward\OneDrive\1school\1 KUL\3e Bachelor\1e Semester\Microcontrollers\Labo's\Lab4\Lab4_W.X\lab4_2021_MatWarasm.asm
          loop_table_read   0x000138    program     static C:\Users\Ward\OneDrive\1school\1 KUL\3e Bachelor\1e Semester\Microcontrollers\Labo's\Lab4\Lab4_W.X\lab4_2021_MatWarasm.asm
          read_from_table   0x000146    program     static C:\Users\Ward\OneDrive\1school\1 KUL\3e Bachelor\1e Semester\Microcontrollers\Labo's\Lab4\Lab4_W.X\lab4_2021_MatWarasm.asm
                inter_low   0x000156    program     static C:\Users\Ward\OneDrive\1school\1 KUL\3e Bachelor\1e Semester\Microcontrollers\Labo's\Lab4\Lab4_W.X\lab4_2021_MatWarasm.asm
                    NOTES   0x00015a    program     static C:\Users\Ward\OneDrive\1school\1 KUL\3e Bachelor\1e Semester\Microcontrollers\Labo's\Lab4\Lab4_W.X\lab4_2021_MatWarasm.asm


