MPLINK 5.09, LINKER
Linker Map File - Created Thu Dec 02 17:17:39 2021

                                 Section Info
                  Section       Type    Address   Location Size(Bytes)
                ---------  ---------  ---------  ---------  ---------
                   .org_0       code   0x001000    program   0x000004
                   .cinit    romdata   0x001004    program   0x000002
                   .org_1       code   0x001008    program   0x000004
                   .org_2       code   0x001018    program   0x000004
                   .org_3       code   0x001020    program   0x0000ca



                              Program Memory Usage 
                               Start         End      
                           ---------   ---------      
                            0x001000    0x001005      
                            0x001008    0x00100b      
                            0x001018    0x00101b      
                            0x001020    0x0010e9      
            216 out of 33048 program addresses used, program memory utilization is 0%



                              Symbols - Sorted by Name
                     Name    Address   Location    Storage File                     
                ---------  ---------  ---------  --------- ---------                
                    NOTES   0x0010e6    program     static C:\Users\Ward\OneDrive\1school\1 KUL\3e Bachelor\1e Semester\Microcontrollers\Labo's\Lab4\Lab4_W.X\lab4_2021_MatWarasm.asm
                    START   0x001020    program     static C:\Users\Ward\OneDrive\1school\1 KUL\3e Bachelor\1e Semester\Microcontrollers\Labo's\Lab4\Lab4_W.X\lab4_2021_MatWarasm.asm
                  ih_tmr0   0x0010dc    program     static C:\Users\Ward\OneDrive\1school\1 KUL\3e Bachelor\1e Semester\Microcontrollers\Labo's\Lab4\Lab4_W.X\lab4_2021_MatWarasm.asm
                  ih_tmr1   0x0010d6    program     static C:\Users\Ward\OneDrive\1school\1 KUL\3e Bachelor\1e Semester\Microcontrollers\Labo's\Lab4\Lab4_W.X\lab4_2021_MatWarasm.asm
                 init_dac   0x001060    program     static C:\Users\Ward\OneDrive\1school\1 KUL\3e Bachelor\1e Semester\Microcontrollers\Labo's\Lab4\Lab4_W.X\lab4_2021_MatWarasm.asm
                 init_lut   0x001082    program     static C:\Users\Ward\OneDrive\1school\1 KUL\3e Bachelor\1e Semester\Microcontrollers\Labo's\Lab4\Lab4_W.X\lab4_2021_MatWarasm.asm
                init_tmr0   0x001068    program     static C:\Users\Ward\OneDrive\1school\1 KUL\3e Bachelor\1e Semester\Microcontrollers\Labo's\Lab4\Lab4_W.X\lab4_2021_MatWarasm.asm
                init_tmr1   0x001072    program     static C:\Users\Ward\OneDrive\1school\1 KUL\3e Bachelor\1e Semester\Microcontrollers\Labo's\Lab4\Lab4_W.X\lab4_2021_MatWarasm.asm
               inter_high   0x0010c8    program     static C:\Users\Ward\OneDrive\1school\1 KUL\3e Bachelor\1e Semester\Microcontrollers\Labo's\Lab4\Lab4_W.X\lab4_2021_MatWarasm.asm
                inter_low   0x0010e2    program     static C:\Users\Ward\OneDrive\1school\1 KUL\3e Bachelor\1e Semester\Microcontrollers\Labo's\Lab4\Lab4_W.X\lab4_2021_MatWarasm.asm
                     loop   0x00107e    program     static C:\Users\Ward\OneDrive\1school\1 KUL\3e Bachelor\1e Semester\Microcontrollers\Labo's\Lab4\Lab4_W.X\lab4_2021_MatWarasm.asm
                     main   0x001050    program     static C:\Users\Ward\OneDrive\1school\1 KUL\3e Bachelor\1e Semester\Microcontrollers\Labo's\Lab4\Lab4_W.X\lab4_2021_MatWarasm.asm



                              Symbols - Sorted by Address
                     Name    Address   Location    Storage File                     
                ---------  ---------  ---------  --------- ---------                
                    START   0x001020    program     static C:\Users\Ward\OneDrive\1school\1 KUL\3e Bachelor\1e Semester\Microcontrollers\Labo's\Lab4\Lab4_W.X\lab4_2021_MatWarasm.asm
                     main   0x001050    program     static C:\Users\Ward\OneDrive\1school\1 KUL\3e Bachelor\1e Semester\Microcontrollers\Labo's\Lab4\Lab4_W.X\lab4_2021_MatWarasm.asm
                 init_dac   0x001060    program     static C:\Users\Ward\OneDrive\1school\1 KUL\3e Bachelor\1e Semester\Microcontrollers\Labo's\Lab4\Lab4_W.X\lab4_2021_MatWarasm.asm
                init_tmr0   0x001068    program     static C:\Users\Ward\OneDrive\1school\1 KUL\3e Bachelor\1e Semester\Microcontrollers\Labo's\Lab4\Lab4_W.X\lab4_2021_MatWarasm.asm
                init_tmr1   0x001072    program     static C:\Users\Ward\OneDrive\1school\1 KUL\3e Bachelor\1e Semester\Microcontrollers\Labo's\Lab4\Lab4_W.X\lab4_2021_MatWarasm.asm
                     loop   0x00107e    program     static C:\Users\Ward\OneDrive\1school\1 KUL\3e Bachelor\1e Semester\Microcontrollers\Labo's\Lab4\Lab4_W.X\lab4_2021_MatWarasm.asm
                 init_lut   0x001082    program     static C:\Users\Ward\OneDrive\1school\1 KUL\3e Bachelor\1e Semester\Microcontrollers\Labo's\Lab4\Lab4_W.X\lab4_2021_MatWarasm.asm
               inter_high   0x0010c8    program     static C:\Users\Ward\OneDrive\1school\1 KUL\3e Bachelor\1e Semester\Microcontrollers\Labo's\Lab4\Lab4_W.X\lab4_2021_MatWarasm.asm
                  ih_tmr1   0x0010d6    program     static C:\Users\Ward\OneDrive\1school\1 KUL\3e Bachelor\1e Semester\Microcontrollers\Labo's\Lab4\Lab4_W.X\lab4_2021_MatWarasm.asm
                  ih_tmr0   0x0010dc    program     static C:\Users\Ward\OneDrive\1school\1 KUL\3e Bachelor\1e Semester\Microcontrollers\Labo's\Lab4\Lab4_W.X\lab4_2021_MatWarasm.asm
                inter_low   0x0010e2    program     static C:\Users\Ward\OneDrive\1school\1 KUL\3e Bachelor\1e Semester\Microcontrollers\Labo's\Lab4\Lab4_W.X\lab4_2021_MatWarasm.asm
                    NOTES   0x0010e6    program     static C:\Users\Ward\OneDrive\1school\1 KUL\3e Bachelor\1e Semester\Microcontrollers\Labo's\Lab4\Lab4_W.X\lab4_2021_MatWarasm.asm


